0 verbose cli C:\Program Files\nodejs\node.exe C:\Program Files\nodejs\node_modules\npm\bin\npm-cli.js
1 info using npm@10.8.2
2 info using node@v20.19.6
3 silly config load:file:C:\Program Files\nodejs\node_modules\npm\npmrc
4 silly config load:file:c:\Users\Admin\Documents\SearchX Digital\crystal prime\crystal-prime-ui\.npmrc
5 silly config load:file:C:\Users\Admin\.npmrc
6 silly config load:file:C:\Users\Admin\AppData\Roaming\npm\etc\npmrc
7 verbose title npm ls react-dnd-html5-backend
8 verbose argv "ls" "--json" "--depth" "0" "--" "react-dnd-html5-backend"
9 verbose logfile logs-max:10 dir:C:\Users\Admin\Documents\SearchX Digital\crystal prime\crystal-prime-ui\npm-cache\_logs\2026-10-05T09_17_09_176Z-
10 verbose logfile C:\Users\Admin\Documents\SearchX Digital\crystal prime\crystal-prime-ui\npm-cache\_logs\2026-10-05T09_17_09_176Z-debug-0.log
11 silly packumentCache heap:2197815296 maxSize:549453824 maxEntrySize:274726912
12 silly logfile start cleaning logs, removing 1 files
13 silly logfile done cleaning log files
14 verbose cwd c:\Users\Admin\Documents\SearchX Digital\crystal prime\crystal-prime-ui
15 verbose os Windows_NT 10.0.19045
16 verbose node v20.19.6
17 verbose npm  v10.8.2
18 verbose exit 0
19 info ok
